// Jest Snapshot v1, https://goo.gl/fbAQLP

exports[`Header should match snapshot 1`] = `
ShallowWrapper {
  Symbol(enzyme.__root__): [Circular],
  Symbol(enzyme.__unrendered__): <Header />,
  Symbol(enzyme.__renderer__): Object {
    "batchedUpdates": [Function],
    "checkPropTypes": [Function],
    "getNode": [Function],
    "render": [Function],
    "simulateError": [Function],
    "simulateEvent": [Function],
    "unmount": [Function],
  },
  Symbol(enzyme.__node__): Object {
    "instance": null,
    "key": undefined,
    "nodeType": "host",
    "props": Object {
      "children": Array [
        <h1
          className="title"
        >
          codeQuiz
        </h1>,
        <button
          className="direction-btn"
          onClick={[Function]}
        >
          Info
        </button>,
        <p
          className="subtitle"
        >
          Find a subject to study and test your knowledge
        </p>,
        <Directions
          displayDirections={false}
          toggleDirections={[Function]}
        />,
      ],
      "className": "header",
    },
    "ref": null,
    "rendered": Array [
      Object {
        "instance": null,
        "key": undefined,
        "nodeType": "host",
        "props": Object {
          "children": "codeQuiz",
          "className": "title",
        },
        "ref": null,
        "rendered": "codeQuiz",
        "type": "h1",
      },
      Object {
        "instance": null,
        "key": undefined,
        "nodeType": "host",
        "props": Object {
          "children": "Info",
          "className": "direction-btn",
          "onClick": [Function],
        },
        "ref": null,
        "rendered": "Info",
        "type": "button",
      },
      Object {
        "instance": null,
        "key": undefined,
        "nodeType": "host",
        "props": Object {
          "children": "Find a subject to study and test your knowledge",
          "className": "subtitle",
        },
        "ref": null,
        "rendered": "Find a subject to study and test your knowledge",
        "type": "p",
      },
      Object {
        "instance": null,
        "key": undefined,
        "nodeType": "function",
        "props": Object {
          "displayDirections": false,
          "toggleDirections": [Function],
        },
        "ref": null,
        "rendered": null,
        "type": [Function],
      },
    ],
    "type": "header",
  },
  Symbol(enzyme.__nodes__): Array [
    Object {
      "instance": null,
      "key": undefined,
      "nodeType": "host",
      "props": Object {
        "children": Array [
          <h1
            className="title"
          >
            codeQuiz
          </h1>,
          <button
            className="direction-btn"
            onClick={[Function]}
          >
            Info
          </button>,
          <p
            className="subtitle"
          >
            Find a subject to study and test your knowledge
          </p>,
          <Directions
            displayDirections={false}
            toggleDirections={[Function]}
          />,
        ],
        "className": "header",
      },
      "ref": null,
      "rendered": Array [
        Object {
          "instance": null,
          "key": undefined,
          "nodeType": "host",
          "props": Object {
            "children": "codeQuiz",
            "className": "title",
          },
          "ref": null,
          "rendered": "codeQuiz",
          "type": "h1",
        },
        Object {
          "instance": null,
          "key": undefined,
          "nodeType": "host",
          "props": Object {
            "children": "Info",
            "className": "direction-btn",
            "onClick": [Function],
          },
          "ref": null,
          "rendered": "Info",
          "type": "button",
        },
        Object {
          "instance": null,
          "key": undefined,
          "nodeType": "host",
          "props": Object {
            "children": "Find a subject to study and test your knowledge",
            "className": "subtitle",
          },
          "ref": null,
          "rendered": "Find a subject to study and test your knowledge",
          "type": "p",
        },
        Object {
          "instance": null,
          "key": undefined,
          "nodeType": "function",
          "props": Object {
            "displayDirections": false,
            "toggleDirections": [Function],
          },
          "ref": null,
          "rendered": null,
          "type": [Function],
        },
      ],
      "type": "header",
    },
  ],
  Symbol(enzyme.__options__): Object {
    "adapter": ReactSixteenAdapter {
      "options": Object {
        "enableComponentDidUpdateOnSetState": true,
        "legacyContextMode": "parent",
        "lifecycles": Object {
          "componentDidUpdate": Object {
            "onSetState": true,
          },
          "getChildContext": Object {
            "calledByRenderer": false,
          },
          "getDerivedStateFromProps": true,
          "getSnapshotBeforeUpdate": true,
          "setState": Object {
            "skipsComponentDidUpdateOnNullish": true,
          },
        },
      },
    },
  },
  Symbol(enzyme.__childContext__): null,
}
`;
