// Jest Snapshot v1, https://goo.gl/fbAQLP

exports[`Directions should match snapshot 1`] = `
<div>
  <div
    className="directions-overlay"
  >
    <article
      className="directions-box"
    >
      <p>
        There is always more to learn about coding. Pick a category to be quizzed on, and test your knowledge. Try to conquer each subject area!
      </p>
      <p>
        You can revist the questions that gave you trouble at the bottom of the quiz.
      </p>
      <p>
        To update questions saved for review, or to restart a whole category, simply refresh the page.
      </p>
      <button
        className="direction-close"
        onClick={[MockFunction]}
      >
        close
      </button>
    </article>
  </div>
</div>
`;
